
============================================================
TWITTER: username=DhruvM2804
============================================================
Status: 201
Type: <class 'list'>, len: 10
RAW first 2 items:
  Item 0: {"noResults": true}
  Item 1: {"noResults": true}

============================================================
LINKEDIN: profile_url=https://www.linkedin.com/in/dhruvmali/
============================================================
Status: 201
Type: <class 'list'>, len: 1
RAW first item:
{"error": "Γ¥î Users on the free Apify plan can run the actor through the UI and not via other methods."}
